<html>
<body>
<pre>
<h1>µVision Build Log</h1>
<h2>Tool Versions:</h2>
IDE-Version: ¦ÌVision V5.15
Copyright (C) 2015 ARM Ltd and ARM Germany GmbH. All rights reserved.
License Information: zzh zzh, zzh, LIC=NHYH9-4UU7Z-AWT2F-65D4Q-C2LWG-P8L79
 
Tool Versions:
Toolchain:       MDK-ARM Professional  Version: 5.15.0
Toolchain Path:  D:\Sprogram\Keil\Keil_v5\ARM\ARMCC\Bin
C Compiler:      Armcc.exe V5.05 update 2 (build 169)
Assembler:       Armasm.exe V5.05 update 2 (build 169)
Linker/Locator:  ArmLink.exe V5.05 update 2 (build 169)
Library Manager: ArmAr.exe V5.05 update 2 (build 169)
Hex Converter:   FromElf.exe V5.05 update 2 (build 169)
CPU DLL:         SARMCM3.DLL V5.15.0
Dialog DLL:      DCM.DLL V1.13.2.0
Target DLL:      CMSIS_AGDI.dll V1.21.12.0
Dialog DLL:      TCM.DLL V1.14.5.0
 
<h2>Project:</h2>
D:\Data\GitHub\STM32-RobotCar\RobotCar\Project\Hua-Robot.uvprojx
Project File Date:  05/06/2021

<h2>Output:</h2>
*** Using Compiler 'V5.05 update 2 (build 169)', folder: 'D:\Sprogram\Keil\Keil_v5\ARM\ARMCC\Bin'
Build target 'Robot'
assembling startup_stm32f10x_hd.s...
compiling core_cm3.c...
compiling system_stm32f10x.c...
compiling misc.c...
compiling stm32f10x_adc.c...
compiling stm32f10x_bkp.c...
compiling stm32f10x_can.c...
compiling stm32f10x_cec.c...
compiling stm32f10x_crc.c...
compiling stm32f10x_dac.c...
compiling stm32f10x_dbgmcu.c...
compiling stm32f10x_dma.c...
compiling stm32f10x_exti.c...
compiling stm32f10x_flash.c...
compiling stm32f10x_fsmc.c...
compiling stm32f10x_gpio.c...
compiling stm32f10x_i2c.c...
compiling stm32f10x_iwdg.c...
compiling stm32f10x_pwr.c...
compiling stm32f10x_rcc.c...
compiling stm32f10x_rtc.c...
compiling stm32f10x_sdio.c...
compiling stm32f10x_spi.c...
compiling stm32f10x_tim.c...
compiling stm32f10x_usart.c...
compiling stm32f10x_wwdg.c...
compiling main.c...
..\User\Function\Function_LCD\function_LCD.h(17): warning:  #1-D: last line of file ends without a newline
   
..\User\Modules\LED\Led.h(16): warning:  #47-D: incompatible redefinition of macro "OFF" (declared at line 7 of "..\User\Modules\Sensor\Sensor.h")
  #define               OFF             0
..\User\Function\function\function.h(12): warning:  #1-D: last line of file ends without a newline
  #endif /* __Function_H*/
..\User\Function\function_ADC\function_ADC.h(7): warning:  #1-D: last line of file ends without a newline
  #endif /* __Function_ADC_H */
..\User\main.c: 4 warnings, 0 errors
compiling stm32f10x_it.c...
..\User\stm32f10x_it.c(140): warning:  #223-D: function "TimingDelay_Decrement" declared implicitly
        TimingDelay_Decrement();        
..\User\stm32f10x_it.c(145): warning:  #9-D: nested comment is not allowed
  /*                          /* ´®???Ð¶Ï·??ñº??? */                            
..\User\stm32f10x_it.c: 2 warnings, 0 errors
compiling sensor.c...
compiling Sensor_ADC.c...
..\User\Function\function_ADC\function_ADC.h(7): warning:  #1-D: last line of file ends without a newline
  #endif /* __Function_ADC_H */
..\User\Modules\Sensor_ADC\Sensor_ADC.c: 1 warning, 0 errors
compiling Motor.c...
compiling Led.c...
compiling usart.c...
compiling usart2.c...
..\User\Modules\usart2\usart2.c(111): warning:  #1-D: last line of file ends without a newline
  }
..\User\Modules\usart2\usart2.c: 1 warning, 0 errors
compiling beep.c...
compiling SPI_flash.c...
compiling LCD_ili9341.c...
compiling SysTick.c...
compiling fonts.c...
compiling DHT11.c...
..\User\Function\Function_LCD\Function_LCD.h(17): warning:  #1-D: last line of file ends without a newline
   
..\User\Modules\DHT11\DHT11.c: 1 warning, 0 errors
compiling Function.c...
..\User\Function\Function\Function.h(12): warning:  #1-D: last line of file ends without a newline
  #endif /* __Function_H*/
..\User\Function\function_ADC\Function_ADC.h(7): warning:  #1-D: last line of file ends without a newline
  #endif /* __Function_ADC_H */
..\User\Modules\Sensor\Sensor.h(7): warning:  #47-D: incompatible redefinition of macro "OFF" (declared at line 16 of "..\User\Modules\LED\Led.h")
  #define OFF   1
..\User\Function\Function\Function.c(91): warning:  #223-D: function "Beep1" declared implicitly
                                                                Beep1();
..\User\Function\Function\Function.c(100): warning:  #223-D: function "Beep1" declared implicitly
                                                                Beep1();
..\User\Function\Function\Function.c(109): warning:  #223-D: function "Beep1" declared implicitly
                                                    Beep1();
..\User\Function\Function\Function.c(115): warning:  #223-D: function "Beep1" declared implicitly
                                                   Beep1();
..\User\Function\Function\Function.c(121): warning:  #223-D: function "Beep1" declared implicitly
                                                         Beep1();
..\User\Function\Function\Function.c(177): warning:  #223-D: function "Beep1" declared implicitly
                                           Beep1();
..\User\Function\Function\Function.c: 9 warnings, 0 errors
compiling Function_ADC.c...
..\User\Function\Function_ADC\Function_ADC.h(7): warning:  #1-D: last line of file ends without a newline
  #endif /* __Function_ADC_H */
..\User\Function\Function_ADC\Function_ADC.c: 1 warning, 0 errors
compiling Function_LCD.c...
..\User\Function\Function_LCD\Function_LCD.h(17): warning:  #1-D: last line of file ends without a newline
   
..\User\Function\function\Function.h(12): warning:  #1-D: last line of file ends without a newline
  #endif /* __Function_H*/
..\User\Function\function_ADC\Function_ADC.h(7): warning:  #1-D: last line of file ends without a newline
  #endif /* __Function_ADC_H */
..\User\Function\Function_LCD\Function_LCD.c(12): warning:  #260-D: explicit type is missing ("int" assumed)
  extern distance;
..\User\Function\Function_LCD\Function_LCD.c(21): warning:  #177-D: variable "i" was declared but never referenced
        uint8_t i;
..\User\Function\Function_LCD\Function_LCD.c(370): warning:  #223-D: function "sprintf" declared implicitly
                        sprintf(Temperature,"%d.%d??",DHT11_Data.temp_int,DHT11_Data.temp_deci);
..\User\Function\Function_LCD\Function_LCD.c(371): warning:  #167-D: argument of type "char *" is incompatible with parameter of type "uint8_t *"
                        ILI9341_DisplayStringEx(70,145,20,20,Temperature,0);
..\User\Function\Function_LCD\Function_LCD.c(373): warning:  #167-D: argument of type "char *" is incompatible with parameter of type "uint8_t *"
                        ILI9341_DisplayStringEx(70,165,20,20,Humidity,0);
..\User\Function\Function_LCD\Function_LCD.c(403): warning:  #177-D: function "Delay" was declared but never referenced
  static void Delay ( __IO uint32_t nCount )
..\User\Function\Function_LCD\Function_LCD.c: 9 warnings, 0 errors
linking...
Program Size: Code=18396 RO-data=15536 RW-data=192 ZI-data=18672  
FromELF: creating hex file...
".\Objects\Hua-F103.axf" - 0 Error(s), 28 Warning(s).

<h2>Collection of Component include folders:</h2>
  D:\Data\GitHub\STM32-RobotCar\RobotCar\Project\RTE
  D:\Sprogram\Keil\Keil_v5\ARM\PACK\Keil\STM32F1xx_DFP\1.1.0\Device\Include

<h2>Collection of Component Files used:</h2>
</pre>
</body>
</html>
