<html>
<body>
<pre>
<h1>µVision Build Log</h1>
<h2>Tool Versions:</h2>
IDE-Version: ¦ÌVision V5.15
Copyright (C) 2015 ARM Ltd and ARM Germany GmbH. All rights reserved.
License Information: zzh zzh, zzh, LIC=NHYH9-4UU7Z-AWT2F-65D4Q-C2LWG-P8L79
 
Tool Versions:
Toolchain:       MDK-ARM Professional  Version: 5.15.0
Toolchain Path:  D:\Sprogram\Keil\Keil_v5\ARM\ARMCC\Bin
C Compiler:      Armcc.exe V5.05 update 2 (build 169)
Assembler:       Armasm.exe V5.05 update 2 (build 169)
Linker/Locator:  ArmLink.exe V5.05 update 2 (build 169)
Library Manager: ArmAr.exe V5.05 update 2 (build 169)
Hex Converter:   FromElf.exe V5.05 update 2 (build 169)
CPU DLL:         SARMCM3.DLL V5.15.0
Dialog DLL:      DCM.DLL V1.13.2.0
Target DLL:      CMSIS_AGDI.dll V1.21.12.0
Dialog DLL:      TCM.DLL V1.14.5.0
 
<h2>Project:</h2>
D:\Data\GitHub\STM32-RobotCar\RobotCar\Project\Hua-Robot.uvprojx
Project File Date:  05/06/2021

<h2>Output:</h2>
*** Using Compiler 'V5.05 update 2 (build 169)', folder: 'D:\Sprogram\Keil\Keil_v5\ARM\ARMCC\Bin'
Build target 'Robot'
compiling main.c...
..\User\Function\Function_LCD\function_LCD.h(17): warning:  #1-D: last line of file ends without a newline
   
..\User\Modules\LED\Led.h(16): warning:  #47-D: incompatible redefinition of macro "OFF" (declared at line 7 of "..\User\Modules\Sensor\Sensor.h")
  #define               OFF             0
..\User\Function\function\function.h(12): warning:  #1-D: last line of file ends without a newline
  #endif /* __Function_H*/
..\User\Function\function_ADC\function_ADC.h(7): warning:  #1-D: last line of file ends without a newline
  #endif /* __Function_ADC_H */
..\User\main.c: 4 warnings, 0 errors
linking...
Program Size: Code=18372 RO-data=15536 RW-data=192 ZI-data=18672  
FromELF: creating hex file...
".\Objects\Hua-F103.axf" - 0 Error(s), 4 Warning(s).

<h2>Collection of Component include folders:</h2>
  D:\Data\GitHub\STM32-RobotCar\RobotCar\Project\RTE
  D:\Sprogram\Keil\Keil_v5\ARM\PACK\Keil\STM32F1xx_DFP\1.1.0\Device\Include

<h2>Collection of Component Files used:</h2>
</pre>
</body>
</html>
